 
****************************************
Report : power
        -analysis_effort low
Design : riscv_soc
Version: U-2022.12-SP6
Date   : Tue Apr 22 23:52:10 2025
****************************************


Library(s) Used:

    saed14rvt_base_ss0p72v125c (File: /home/net/local/SAED14nm_EDK_08_2024/SAED14nm_EDK_STD_RVT/liberty/nldm/base/saed14rvt_base_ss0p72v125c.db)


Operating Conditions: ss0p72v125c   Library: saed14rvt_base_ss0p72v125c
Wire Load Model Mode: top

Design        Wire Load Model            Library
------------------------------------------------
riscv_soc              540000            saed14rvt_base_ss0p72v125c


Global Operating Voltage = 0.72 
Power-specific unit information :
    Voltage Units = 1V
    Capacitance Units = 1.000000pf
    Time Units = 1ns
    Dynamic Power Units = 1mW    (derived from V,C,T units)
    Leakage Power Units = 1pW


Attributes
----------
i - Including register clock pin internal power


  Cell Internal Power  =  31.0074 mW   (92%)
  Net Switching Power  =   2.5585 mW    (8%)
                         ---------
Total Dynamic Power    =  33.5659 mW  (100%)

Cell Leakage Power     = 631.5120 uW


                 Internal         Switching           Leakage            Total
Power Group      Power            Power               Power              Power   (   %    )  Attrs
--------------------------------------------------------------------------------------------------
io_pad             0.0000            0.0000            0.0000            0.0000  (   0.00%)
memory             0.0000            0.0000            0.0000            0.0000  (   0.00%)
black_box          0.0000            0.0000            0.0000            0.0000  (   0.00%)
clock_network     30.8290            0.0000            0.0000           30.8290  (  90.26%)  i
register       6.9981e-03        2.3792e-02        2.7722e+08            0.3080  (   0.90%)
sequential         0.0000            0.0000            0.0000            0.0000  (   0.00%)
combinational      0.1355            2.5344        3.5429e+08            3.0181  (   8.84%)
--------------------------------------------------------------------------------------------------
Total             30.9715 mW         2.5582 mW     6.3150e+08 pW        34.1550 mW
1
